// Jest Snapshot v1, https://goo.gl/fbAQLP

exports[`Setup environment should match the snapshot on file (styles) 1`] = `
.c0 {
  margin-top: calc(50px + 26px);
  display: -webkit-box;
  display: -webkit-flex;
  display: -ms-flexbox;
  display: flex;
  -webkit-flex-direction: column;
  -ms-flex-direction: column;
  flex-direction: column;
  -webkit-align-items: center;
  -webkit-box-align: center;
  -ms-flex-align: center;
  align-items: center;
}

.c0 .nav-tabs {
  height: 28px !important;
  font-size: 0.75em;
}

.c0 a[role="tab"] {
  padding-bottom: 0px;
  padding-top: 4px;
  padding-left: 8px;
  padding-right: 8px;
}

.c1 {
  display: -webkit-box;
  display: -webkit-flex;
  display: -ms-flexbox;
  display: flex;
  -webkit-flex-direction: column;
  -ms-flex-direction: column;
  flex-direction: column;
  -webkit-align-items: center;
  -webkit-box-align: center;
  -ms-flex-align: center;
  align-items: center;
  padding: 10px;
  border-style: solid;
  border-width: 1px;
  border-color: #000000;
}

.c2 {
  width: 100%;
  margin-left: 10px;
  margin-right: 10px;
  text-align: center;
}

.c3 {
  -webkit-align-items: center;
  -webkit-box-align: center;
  -ms-flex-align: center;
  align-items: center;
  list-style-type: none;
  list-style-position: outside;
  overflow: scroll;
  max-height: 200px;
  border-style: solid;
  border-color: #808080;
  border-width: 10px;
}

.c4 {
  padding-left: 0px;
  min-width: 200px;
  background: #808080;
  padding: 0px;
}

.c4 li:last-child {
  margin-bottom: 0px;
}

<div>
  <div>
    MockComponent
  </div>
  <div
    class="c0"
  >
    <div
      class="c1"
    >
      <div
        class="c2 alert alert-success"
      >
        Title
      </div>
      <div
        class="c3 overflow-auto"
        size="200"
      >
        <div
          class="c4"
        >
          <div>
            MockComponent
          </div>
        </div>
      </div>
    </div>
  </div>
  <div>
    MockComponent
  </div>
</div>
`;
