// Jest Snapshot v1, https://goo.gl/fbAQLP

exports[`Setup Environment should match the snapshot on file (styles) 1`] = `
.c0 {
  padding-top: 10px;
  display: -webkit-box;
  display: -webkit-flex;
  display: -ms-flexbox;
  display: flex;
  -webkit-align-items: center;
  -webkit-box-align: center;
  -ms-flex-align: center;
  align-items: center;
  -webkit-box-pack: center;
  -webkit-justify-content: center;
  -ms-flex-pack: center;
  justify-content: center;
  font-size: 0.7em;
  color: #000000;
}

.c1 {
  cursor: pointer;
  color: #006600;
  -webkit-text-decoration: none;
  text-decoration: none;
}

<div
  class="c0"
  data-testid="CopyRight"
>
  Created by
  <a
    class="c1"
    href="/"
  >
    Shared Vision Solutions
  </a>
  Â 
  2019.
</div>
`;
