// Jest Snapshot v1, https://goo.gl/fbAQLP

exports[`Setup Environment should match the snapshot on file (styles) 1`] = `
.c0 {
  display: -webkit-box;
  display: -webkit-flex;
  display: -ms-flexbox;
  display: flex;
  -webkit-flex-direction: column;
  -ms-flex-direction: column;
  flex-direction: column;
  padding-top: 5px;
  display: -webkit-box;
  display: -webkit-flex;
  display: -ms-flexbox;
  display: flex;
  -webkit-align-items: center;
  -webkit-box-align: center;
  -ms-flex-align: center;
  align-items: center;
  -webkit-box-pack: center;
  -webkit-justify-content: center;
  -ms-flex-pack: center;
  justify-content: center;
  font-size: 0.7em;
  color: #000000;
}

.c1 {
  text-align: center;
}

<div
  class="c0"
  data-testid="HintDialogue"
>
  <div
    class="c1"
  >
    GenericTranslationTestString
  </div>
  <div
    class="c1"
  >
    GenericTranslationTestString
  </div>
</div>
`;
